root@OpenWrt:/tmp# sysupgrade -v sysupgrade
Cannot save config while running from ramdisk.
Tue Jan 12 13:27:16 UTC 2021 upgrade: Commencing upgrade. Closing all shell sessions.
Watchdog handover: fd=3
- watchdog -
killall: telnetd: no process killed
Tue Jan 12 13:27:16 UTC 2021 upgrade: Sending TERM to remaining processes ... logd rpcd hostapd wpa_supplicant netifd odhcpd uhttpd dbus-daemon avahi-daemon dnsmasq https-dns-proxy https-dns-proxy smbd nmbd smbd-notifyd ntpd ubusd askfirst wsdd2 urngd
Tue Jan 12 13:27:20 UTC 2021 upgrade: Sending KILL to remaining processes ...
[  167.594323] sh (3022): drop_caches: 3
Tue Jan 12 13:27:21 UTC 2021 upgrade: Switching to ramdisk...
Tue Jan 12 13:27:24 UTC 2021 upgrade: Performing system upgrade...
flashing kernel to /dev/mmcblk0p14
dd bs=4K if=/tmp/kernel.bin of=/dev/mmcblk0p14
929+1 records in
929+1 records out
flashing rootfs to /dev/mmcblk0p16
dd bs=4K if=/tmp/rootfs.bin of=/dev/mmcblk0p16
3571+1 records in
3571+1 records out
upgrade complete!
umount and rebooting...
umount: can't unmount /dev: Resource busy
umount: can't unmount /tmp: Resource busy
[
Format: Log Type - Time(microsec) - Message - Optional Info
Log Type: B - Since Boot(Power On Reset),  D - Delta,  S - Statistic
S - QC_IMAGE_VERSION_STRING=BOOT.BF.3.1.1-00120
S - IMAGE_VARIANT_STRING=DAAAANAZA
S - OEM_IMAGE_VERSION_STRING=CRM
S - Boot Config, 0x000000a3
S - Reset status Config, 0x00000010
S - Core 0 Frequency, 0 MHz
B -       261 - PBL, Start
B -      5154 - bootable_media_detect_entry, Start
B -     70529 - bootable_media_detect_success, Start
B -     70535 - elf_loader_entry, Start
B -     72570 - auth_hash_seg_entry, Start
B -     73725 - auth_hash_seg_exit, Start
B -     89545 - elf_segs_hash_verify_entry, Start
B -    134072 - PBL, End
B -    134085 - SBL1, Start
B -    210430 - pm_device_init, Start
D -         2 - pm_device_init, Delta
B -    211190 - boot_flash_init, Start
D -     17438 - boot_flash_init, Delta
B -    233153 - boot_config_data_table_init, Start
D -      1711 - boot_config_data_table_init, Delta - (419 Bytes)
B -    241207 - clock_init, Start
D -      3303 - clock_init, Delta
B -    247939 - CDT version:2,Platform ID:8,Major ID:1,Minor ID:3,Subtype:1
B -    254368 - sbl1_ddr_set_params, Start
B -    258601 - cpr_init, Start
D -         2 - cpr_init, Delta
B -    263199 - Pre_DDR_clock_init, Start
D -         4 - Pre_DDR_clock_init, Delta
D -     13389 - sbl1_ddr_set_params, Delta
B -    276505 - pm_driver_init, Start
D -         2 - pm_driver_init, Delta
B -    347524 - sbl1_wait_for_ddr_training, Start
D -        28 - sbl1_wait_for_ddr_training, Delta
B -    363750 - Image Load, Start
D -    707405 - QSEE Image Loaded, Delta - (304152 Bytes)
B -   1071582 - Image Load, Start
D -       944 - SEC Image Loaded, Delta - (0 Bytes)
B -   1081452 - Image Load, Start
D -    705495 - APPSBL Image Loaded, Delta - (435807 Bytes)
B -   1787373 - QSEE Execution, Start
D -        60 - QSEE Execution, Delta
B -   1793547 - SBL1, End
D -   1661575 - SBL1, Delta
S - Flash Throughput, 26271 KB/s  (740730 Bytes,  28195 us)
S - DDR Frequency, 672 MHz


U-Boot 2012.07 [Chaos Calmer 15.05.1,r48067] (Mar 21 2019 - 14:16:48)

smem ram ptable found: ver: 1 len: 3
DRAM:  512 MiB
machid : 0x8010301
MMC:   qca_mmc: 0
In:    serial
Out:   serial
Err:   serial
machid: 8010301
flash_type: 1
MAC0 : 
MAC1 : 
Hit any key to stop autoboot:  0

MMC read: dev # 0, block # 28194, count 16384 ... 16384 blocks read: OK
## Booting kernel from FIT Image at 84000000 ...
   Using 'config@ap.dk04.1-c4' configuration
   Trying 'kernel@1' kernel subimage
     Description:  ARM OpenWrt Linux-5.4.87
     Type:         Kernel Image
     Compression:  gzip compressed
     Data Start:   0x840000e4
     Data Size:    3784408 Bytes = 3.6 MiB
     Architecture: ARM
     OS:           Linux
     Load Address: 0x80208000
     Entry Point:  0x80208000
     Hash algo:    crc32
     Hash value:   d81094e4
     Hash algo:    sha1
     Hash value:   c6bf4cdace928d64672863316b09dbec91fcd7f1
   Verifying Hash Integrity ... crc32+ sha1+ OK
## Flattened Device Tree from FIT Image at 84000000
   Using 'config@ap.dk04.1-c4' configuration
   Trying 'fdt@1' FDT blob subimage
     Description:  ARM OpenWrt sony_ncp-hg100 device tree blob
     Type:         Flat Device Tree
     Compression:  uncompressed
     Data Start:   0x8439c0f4
     Data Size:    20878 Bytes = 20.4 KiB
     Architecture: ARM
     Hash algo:    crc32
     Hash value:   2155cd99
     Hash algo:    sha1
     Hash value:   8b48e8f2ed34230bd8068e09161ad1799de9a162
   Verifying Hash Integrity ... crc32+ sha1+ OK
   Booting using the fdt blob at 0x8439c0f4
   Uncompressing Kernel Image ... OK
   Loading Device Tree to 86ff7000, end 86fff18d ... OK
Using machid 0x8010301 from environment

Starting kernel ...

[    0.000000] Booting Linux on physical CPU 0x0
[    0.000000] Linux version 5.4.87 (himalock@localhost) (gcc version 8.4.0 (OpenWrt GCC 8.4.0 r15470-005a7e2079)) #0 SMP Mon Jan 11 00:51:28 2021
[    0.000000] CPU: ARMv7 Processor [410fc075] revision 5 (ARMv7), cr=10c5387d
[    0.000000] CPU: div instructions available: patching division code
[    0.000000] CPU: PIPT / VIPT nonaliasing data cache, VIPT aliasing instruction cache
[    0.000000] OF: fdt: Machine model: Sony NCP-HG100
[    0.000000] Memory policy: Data cache writealloc
[    0.000000] percpu: Embedded 15 pages/cpu s30092 r8192 d23156 u61440
[    0.000000] Built 1 zonelists, mobility grouping on.  Total pages: 129408
[    0.000000] Kernel command line: rootfsname=rootfs_1 rootwait root=/dev/mmcblk0p16 rootfstype=squashfs,f2fs clk_ignore_unused
[    0.000000] Dentry cache hash table entries: 65536 (order: 6, 262144 bytes, linear)
[    0.000000] Inode-cache hash table entries: 32768 (order: 5, 131072 bytes, linear)
[    0.000000] mem auto-init: stack:off, heap alloc:off, heap free:off
[    0.000000] Memory: 507236K/522240K available (5582K kernel code, 185K rwdata, 1468K rodata, 1024K init, 232K bss, 15004K reserved, 0K cma-reserved, 0K highmem)
[    0.000000] SLUB: HWalign=64, Order=0-3, MinObjects=0, CPUs=4, Nodes=1
[    0.000000] rcu: Hierarchical RCU implementation.
[    0.000000] rcu: RCU calculated value of scheduler-enlistment delay is 10 jiffies.
[    0.000000] NR_IRQS: 16, nr_irqs: 16, preallocated irqs: 16
[    0.000000] random: get_random_bytes called from start_kernel+0x2f0/0x49c with crng_init=0
[    0.000000] arch_timer: cp15 timer(s) running at 48.00MHz (virt).
[    0.000000] clocksource: arch_sys_counter: mask: 0xffffffffffffff max_cycles: 0xb11fd3bfb, max_idle_ns: 440795203732 ns
[    0.000007] sched_clock: 56 bits at 48MHz, resolution 20ns, wraps every 4398046511096ns
[    0.000022] Switching to timer-based delay loop, resolution 20ns
[    0.000285] Calibrating delay loop (skipped), value calculated using timer frequency.. 96.00 BogoMIPS (lpj=480000)
[    0.000301] pid_max: default: 32768 minimum: 301
[    0.000510] Mount-cache hash table entries: 1024 (order: 0, 4096 bytes, linear)
[    0.000526] Mountpoint-cache hash table entries: 1024 (order: 0, 4096 bytes, linear)
[    0.001533] CPU: Testing write buffer coherency: ok
[    0.002588] Setting up static identity map for 0x80300000 - 0x80300060
[    0.002726] rcu: Hierarchical SRCU implementation.
[    0.003172] smp: Bringing up secondary CPUs ...
[    0.006300] smp: Brought up 1 node, 4 CPUs
[    0.006318] SMP: Total of 4 processors activated (384.00 BogoMIPS).
[    0.006326] CPU: All CPU(s) started in SVC mode.
[    0.012091] VFP support v0.3: implementor 41 architecture 2 part 30 variant 7 rev 5
[    0.012250] clocksource: jiffies: mask: 0xffffffff max_cycles: 0xffffffff, max_idle_ns: 19112604462750000 ns
[    0.012272] futex hash table entries: 1024 (order: 4, 65536 bytes, linear)
[    0.012531] pinctrl core: initialized pinctrl subsystem
[    0.013591] NET: Registered protocol family 16
[    0.013935] DMA: preallocated 256 KiB pool for atomic coherent allocations
[    0.015128] cpuidle: using governor ladder
[    0.015176] cpuidle: using governor menu
[    0.036142] cryptd: max_cpu_qlen set to 1000
[    0.039508] usbcore: registered new interface driver usbfs
[    0.039582] usbcore: registered new interface driver hub
[    0.039666] usbcore: registered new device driver usb
[    0.039718] pps_core: LinuxPPS API ver. 1 registered
[    0.039727] pps_core: Software ver. 5.3.6 - Copyright 2005-2007 Rodolfo Giometti <giometti@linux.it>
[    0.039754] PTP clock support registered
[    0.040558] workqueue: max_active 576 requested for napi_workq is out of range, clamping between 1 and 512
[    0.041629] clocksource: Switched to clocksource arch_sys_counter
[    0.042447] thermal_sys: Registered thermal governor 'step_wise'
[    0.042773] NET: Registered protocol family 2
[    0.043374] tcp_listen_portaddr_hash hash table entries: 512 (order: 0, 6144 bytes, linear)
[    0.043419] TCP established hash table entries: 4096 (order: 2, 16384 bytes, linear)
[    0.043481] TCP bind hash table entries: 4096 (order: 3, 32768 bytes, linear)
[    0.043569] TCP: Hash tables configured (established 4096 bind 4096)
[    0.043683] UDP hash table entries: 256 (order: 1, 8192 bytes, linear)
[    0.043721] UDP-Lite hash table entries: 256 (order: 1, 8192 bytes, linear)
[    0.043984] NET: Registered protocol family 1
[    0.044028] PCI: CLS 0 bytes, default 64
[    0.045906] workingset: timestamp_bits=14 max_order=17 bucket_order=3
[    0.051471] squashfs: version 4.0 (2009/01/31) Phillip Lougher
[    0.051486] jffs2: version 2.2 (NAND) (SUMMARY) (LZMA) (RTIME) (CMODE_PRIORITY) (c) 2001-2006 Red Hat, Inc.
[    0.105862] bam-dma-engine 8e04000.dma: num-channels unspecified in dt
[    0.105885] bam-dma-engine 8e04000.dma: num-ees unspecified in dt
[    0.107157] tcsr 1949000.tcsr: setting wifi_glb_cfg = 41000000
[    0.107248] tcsr 194b000.tcsr: setting usb hs phy mode select = e700e7
[    0.107333] tcsr 1953000.ess_tcsr: setting ess interface select = 0
[    0.107413] tcsr 1957000.tcsr: setting wifi_noc_memtype_m0_m2 = 2222222
[    0.108146] Serial: 8250/16550 driver, 2 ports, IRQ sharing disabled
[    0.108746] msm_serial 78af000.serial: msm_serial: detected port #0
[    0.108789] msm_serial 78af000.serial: uartclk = 1843200
[    0.108844] 78af000.serial: ttyMSM0 at MMIO 0x78af000 (irq = 27, base_baud = 115200) is a MSM
[    0.108870] msm_serial: console setup on port #0
[    0.594660] printk: console [ttyMSM0] enabled
[    0.599643] msm_serial 78b0000.serial: msm_serial: detected port #1
[    0.603633] msm_serial 78b0000.serial: uartclk = 1843200
[    0.609688] 78b0000.serial: ttyMSM1 at MMIO 0x78b0000 (irq = 28, base_baud = 115200) is a MSM
[    0.615494] msm_serial: driver initialized
[    0.628510] loop: module loaded
[    0.629870] libphy: ipq4019_mdio: probed
[    0.655822] ESS reset ok!
[    0.679993] ESS reset ok!
[    1.100386] libphy: Fixed MDIO Bus: probed
[    1.206637] i2c /dev entries driver
[    1.206883] i2c_qup 78b8000.i2c: using default clock-frequency 100000
[    1.211905] sdhci: Secure Digital Host Controller Interface driver
[    1.215529] sdhci: Copyright(c) Pierre Ossman
[    1.221639] sdhci-pltfm: SDHCI platform and OF driver helper
[    1.226496] sdhci_msm 7824900.sdhci: Got CD GPIO
[    1.267033] mmc0: SDHCI controller on 7824900.sdhci [7824900.sdhci] using ADMA 64-bit
[    1.360233] lp5523x 1-0032: lp55231 Programmable led chip found
[    1.370679] mmc0: new HS200 MMC card at address 0001
[    1.372963] mmcblk0: mmc0:0001 004GA0 3.69 GiB
[    1.375799] mmcblk0boot0: mmc0:0001 004GA0 partition 1 2.00 MiB
[    1.380014] mmcblk0boot1: mmc0:0001 004GA0 partition 2 2.00 MiB
[    1.385388] mmcblk0rpmb: mmc0:0001 004GA0 partition 3 512 KiB, chardev (247:0)
[    1.393382] Alternate GPT is invalid, using primary GPT.
[    1.398172]  mmcblk0: p1 p2 p3 p4 p5 p6 p7 p8 p9 p10 p11 p12 p13 p14 p15 p16 p17
[    1.421641] random: fast init done
[    1.464563] lp5523x 1-0033: lp55231 Programmable led chip found
[    1.479985] NET: Registered protocol family 10
[    1.484055] Segment Routing with IPv6
[    1.484411] NET: Registered protocol family 17
[    1.487202] 8021q: 802.1Q VLAN Support v1.8
[    1.491884] Registering SWP/SWPB emulation handler
[    1.505103] hctosys: unable to open rtc device [    1.513331] VFS: Mounted root (squashfs filesystem) readonly on device 259:8.
[    1.514968] Freeing unused kernel memory: 1024K
[    1.565562] Run /sbin/init as init process
[    1.894663] init: Console is alive
[    1.894906] init: - watchdog -
[    2.760131] kmodloader: loading kernel modules from /etc/modules-boot.d/*
[    2.860197] gpio-keys gpio-keys: does not support key code:704
[    2.860233] gpio-keys gpio-keys: does not support key code:14
[    2.867883] ehci_hcd: USB 2.0 'Enhanced' Host Controller (EHCI) Driver
[    2.874953] SCSI subsystem initialized
[    2.879583] ehci-fsl: Freescale EHCI Host controller driver
[    2.886735] ehci-platform: EHCI generic platform driver
[    2.889075] ohci_hcd: USB 1.1 'Open' Host Controller (OHCI) Driver
[    2.892429] ohci-platform: OHCI generic platform driver
[    2.899099] uhci_hcd: USB Universal Host Controller Interface driver
[    2.905434] dwc3-qcom 8af8800.usb3: IRQ hs_phy_irq not found
[    2.909547] dwc3-qcom 8af8800.usb3: IRQ dp_hs_phy_irq not found
[    2.915236] dwc3-qcom 8af8800.usb3: IRQ dm_hs_phy_irq not found
[    2.920831] dwc3-qcom 8af8800.usb3: IRQ ss_phy_irq not found
[    2.941903] dwc3-qcom 60f8800.usb2: IRQ hs_phy_irq not found
[    2.941980] dwc3-qcom 60f8800.usb2: IRQ dp_hs_phy_irq not found
[    2.946676] dwc3-qcom 60f8800.usb2: IRQ dm_hs_phy_irq not found
[    2.952396] dwc3-qcom 60f8800.usb2: IRQ ss_phy_irq not found
[    2.964292] dwc3 8a00000.dwc3: Failed to get clk 'ref': -2
[    3.082328] dwc3 6000000.dwc3: Failed to get clk 'ref': -2
[    3.214650] xhci-hcd xhci-hcd.0.auto: xHCI Host Controller
[    3.214718] xhci-hcd xhci-hcd.0.auto: new USB bus registered, assigned bus number 1
[    3.219260] xhci-hcd xhci-hcd.0.auto: hcc params 0x0228f665 hci version 0x100 quirks 0x0000000002010010
[    3.226710] xhci-hcd xhci-hcd.0.auto: irq 101, io mem 0x08a00000
[    3.236903] hub 1-0:1.0: USB hub found
[    3.242314] hub 1-0:1.0: 1 port detected
[    3.246102] xhci-hcd xhci-hcd.0.auto: xHCI Host Controller
[    3.249866] xhci-hcd xhci-hcd.0.auto: new USB bus registered, assigned bus number 2
[    3.255258] xhci-hcd xhci-hcd.0.auto: Host supports USB 3.0 SuperSpeed
[    3.262861] usb usb2: We don't know the algorithms for LPM for this host, disabling LPM.
[    3.269888] hub 2-0:1.0: USB hub found
[    3.277616] hub 2-0:1.0: 1 port detected
[    3.281645] xhci-hcd xhci-hcd.1.auto: xHCI Host Controller
[    3.285209] xhci-hcd xhci-hcd.1.auto: new USB bus registered, assigned bus number 3
[    3.290719] xhci-hcd xhci-hcd.1.auto: hcc params 0x0220f665 hci version 0x100 quirks 0x0000000002010010
[    3.298135] xhci-hcd xhci-hcd.1.auto: irq 102, io mem 0x06000000
[    3.308256] hub 3-0:1.0: USB hub found
[    3.313824] hub 3-0:1.0: 1 port detected
[    3.318196] xhci-hcd xhci-hcd.1.auto: xHCI Host Controller
[    3.321309] xhci-hcd xhci-hcd.1.auto: new USB bus registered, assigned bus number 4
[    3.326643] xhci-hcd xhci-hcd.1.auto: Host supports USB 3.0 SuperSpeed
[    3.334298] usb usb4: We don't know the algorithms for LPM for this host, disabling LPM.
[    3.341301] hub 4-0:1.0: USB hub found
[    3.349077] hub 4-0:1.0: config failed, hub doesn't have any ports! (err -19)
[    3.355412] mcu 1-0015: #####MCU driver probe start!
[    3.564657] mcu 1-0015: #####MCU driver probed
[    3.575556] usbcore: registered new interface driver usb-storage
[    3.579428] usbcore: registered new interface driver uas
[    3.581063] kmodloader: done loading kernel modules from /etc/modules-boot.d/*
[    3.592077] init: - preinit -
[    3.681728] usb 3-1: new high-speed USB device number 2 using xhci-hcd
[    3.878363] usb-storage 3-1:1.0: USB Mass Storage device detected
[    3.879700] scsi host0: usb-storage 3-1:1.0
[    3.930483] random: procd: uninitialized urandom read (4 bytes read)
[    4.248607] random: jshn: uninitialized urandom read (4 bytes read)
[    4.291070] random: jshn: uninitialized urandom read (4 bytes read)
[    4.479161] IPv6: ADDRCONF(NETDEV_CHANGE): eth0: link becomes ready
[    4.513006] usb 2-1: new SuperSpeed Gen 1 USB device number 2 using xhci-hcd
Press the [f] key and hit [enter] to enter failsafe mode
Press the [1], [2], [3] or [4] key and hit [enter] to select the debug level
[    4.958668] scsi 0:0:0:0: Direct-Access     Generic- SD/MMC           1.00 PQ: 0 ANSI: 4
[    5.305256] sd 0:0:0:0: [sda] 122142720 512-byte logical blocks: (62.5 GB/58.2 GiB)
[    5.310510] sd 0:0:0:0: [sda] Write Protect is off
[    5.316819] sd 0:0:0:0: [sda] Write cache: disabled, read cache: disabled, doesn't support DPO or FUA
[    5.329226]  sda: sda1
[    5.334848] sd 0:0:0:0: [sda] Attached SCSI removable disk
[    8.720720] mount_root: loading kmods from internal overlay
[    8.738362] kmodloader: loading kernel modules from //etc/modules-boot.d/*
[    8.739905] kmodloader: done loading kernel modules from //etc/modules-boot.d/*
[    9.184570] block: attempting to load /etc/config/fstab
[    9.196649] block: unable to load configuration (fstab: Entry not found)
[    9.196777] block: no usable configuration
[    9.256945] mount_root: rootdisk overlay filesystem has not been formatted yet
[    9.469605] urandom_read: 5 callbacks suppressed
[    9.469613] random: mkfs.f2fs: uninitialized urandom read (16 bytes read)
[    9.952611] F2FS-fs (loop0): Found nat_bits in checkpoint
[    9.973970] F2FS-fs (loop0): Mounted with checkpoint version = 6147d0b5
[   10.234495] block: attempting to load /etc/config/fstab
[   10.234874] block: unable to load configuration (fstab: Entry not found)
[   10.238732] block: no usable configuration
[   10.247316] mount_root: overlay filesystem has not been fully initialized yet
[   10.249987] mount_root: switching to f2fs overlay
[   10.269537] urandom-seed: Seed file not found (/etc/urandom.seed)
[   10.331136] procd: - early -
[   10.331277] procd: - watchdog -
[   10.943746] procd: - watchdog -
[   11.013470] procd: - ubus -
[   11.132075] random: ubusd: uninitialized urandom read (4 bytes read)
[   11.174937] procd: - init -
Please press Enter to activate this console.
[   11.867283] kmodloader: loading kernel modules from /etc/modules.d/*
[   11.905663] urngd: v1.0.2 started.
[   11.971561] random: crng init done
[   12.098556] usbcore: registered new interface driver cdc_wdm
[   12.099246] Loading modules backported from Linux version v5.8.18-0-gab435ce49bd1
[   12.103333] Backport generated by backports.git v5.8.18-1-0-ga630fd46
[   12.226944] usbcore: registered new interface driver ums-alauda
[   12.229910] usbcore: registered new interface driver ums-cypress
[   12.232965] usbcore: registered new interface driver ums-datafab
[   12.238977] usbcore: registered new interface driver ums-freecom
[   12.245062] usbcore: registered new interface driver ums-isd200
[   12.250993] usbcore: registered new interface driver ums-jumpshot
[   12.256695] usbcore: registered new interface driver ums-karma
[   12.263774] usbcore: registered new interface driver ums-sddr09
[   12.268651] usbcore: registered new interface driver ums-sddr55
[   12.276812] usbcore: registered new interface driver ums-usbat
[   12.296528] wireguard: WireGuard 1.0.20201112 loaded. See www.wireguard.com for information.
[   12.296603] wireguard: Copyright (C) 2015-2019 Jason A. Donenfeld <Jason@zx2c4.com>. All Rights Reserved.
[   12.315846] xt_time: kernel timezone is -0000
[   12.359984] PPP generic driver version 2.4.2
[   12.361176] NET: Registered protocol family 24
[   12.383622] qmi_wwan 2-1:1.1: cdc-wdm0: USB WDM device
[   12.385588] qmi_wwan 2-1:1.1 wwan0: register 'qmi_wwan' at usb-xhci-hcd.0.auto-1, WWAN/QMI device
[   12.387985] usbcore: registered new interface driver qmi_wwan
[   13.528611] ath10k_ahb a000000.wifi: qca4019 hw1.0 target 0x01000000 chip_id 0x003b00ff sub 0000:0000
[   13.528661] ath10k_ahb a000000.wifi: kconfig debug 0 debugfs 1 tracing 0 dfs 1 testmode 0
[   13.540189] ath10k_ahb a000000.wifi: firmware ver 10.4b-ct-4019-fW-13-5ae337bb1 api 5 features mfp,peer-flow-ctrl,txstatus-noack,wmi-10.x-CT,ratemask-CT,regdump-CT,txrate-CT,flush-all-CT,pingpong-CT,ch-regs-CT,nop-CT,set-special-CT,tx-rc-CT,cust-stats-CT,txrate2-CT,beacon-cb-CT,wmi-block-ack-CT,wmi-bcn-rc-CT crc32 6b2b5c5b
[   13.593214] ath10k_ahb a000000.wifi: board_file api 2 bmi_id 0:20 crc32 d92a77b4
[   14.880367] ath10k_ahb a000000.wifi: 10.4 wmi init: vdevs: 16  peers: 48  tid: 96
[   14.880410] ath10k_ahb a000000.wifi: msdu-desc: 2500  skid: 32
[   14.929529] ath10k_ahb a000000.wifi: wmi print 'P 48/48 V 16 K 144 PH 176 T 186  msdu-desc: 2500  sw-crypt: 0 ct-sta: 0'
[   14.932842] ath10k_ahb a000000.wifi: wmi print 'free: 53252 iram: 13432 sram: 35752'
[   15.077100] ath10k_ahb a000000.wifi: htt-ver 2.2 wmi-op 6 htt-op 4 cal pre-cal-file max-sta 32 raw 0 hwcrypto 1
[   16.141131] ath10k_ahb a800000.wifi: qca4019 hw1.0 target 0x01000000 chip_id 0x003b00ff sub 0000:0000
[   16.141176] ath10k_ahb a800000.wifi: kconfig debug 0 debugfs 1 tracing 0 dfs 1 testmode 0
[   16.153294] ath10k_ahb a800000.wifi: firmware ver 10.4b-ct-4019-fW-13-5ae337bb1 api 5 features mfp,peer-flow-ctrl,txstatus-noack,wmi-10.x-CT,ratemask-CT,regdump-CT,txrate-CT,flush-all-CT,pingpong-CT,ch-regs-CT,nop-CT,set-special-CT,tx-rc-CT,cust-stats-CT,txrate2-CT,beacon-cb-CT,wmi-block-ack-CT,wmi-bcn-rc-CT crc32 6b2b5c5b
[   16.204962] ath10k_ahb a800000.wifi: board_file api 2 bmi_id 0:21 crc32 d92a77b4
[   17.494084] ath10k_ahb a800000.wifi: 10.4 wmi init: vdevs: 16  peers: 48  tid: 96
[   17.494137] ath10k_ahb a800000.wifi: msdu-desc: 2500  skid: 32
[   17.543470] ath10k_ahb a800000.wifi: wmi print 'P 48/48 V 16 K 144 PH 176 T 186  msdu-desc: 2500  sw-crypt: 0 ct-sta: 0'
[   17.544575] ath10k_ahb a800000.wifi: wmi print 'free: 53252 iram: 13432 sram: 35752'
[   17.688567] ath10k_ahb a800000.wifi: htt-ver 2.2 wmi-op 6 htt-op 4 cal pre-cal-file max-sta 32 raw 0 hwcrypto 1
[   17.891887] kmodloader: done loading kernel modules from /etc/modules.d/*
[   38.104677] br-lan: port 1(eth0) entered blocking state
[   38.104717] br-lan: port 1(eth0) entered disabled state
[   38.109063] device eth0 entered promiscuous mode
[   38.233547] ess_edma c080000.edma eth1: Link is Down
[   39.111702] br-lan: port 1(eth0) entered blocking state
[   39.111744] br-lan: port 1(eth0) entered forwarding state
[   39.116742] IPv6: ADDRCONF(NETDEV_CHANGE): br-lan: link becomes ready



BusyBox v1.31.1 () built-in shell (ash)

  _______                     ________        __
 |       |.-----.-----.-----.|  |  |  |.----.|  |_
 |   -   ||  _  |  -__|     ||  |  |  ||   _||   _|
 |_______||   __|_____|__|__||________||__|  |____|
          |__| W I R E L E S S   F R E E D O M
 -----------------------------------------------------
 OpenWrt SNAPSHOT, r15473+8-812fb4376d
 -----------------------------------------------------
=== WARNING! =====================================
There is no root password defined on this device!
Use the "passwd" command to set up a new password
in order to prevent unauthorized SSH logins.
--------------------------------------------------
root@OpenWrt:/#